
Allocating common symbols
Common symbol       size              file

pgd                 0x4               page.o
cursor_col          0x4               vga.o
vga_buffer          0x4               vga.o
cursor_row          0x4               vga.o

Memory Configuration

Name             Origin             Length             Attributes
*default*        0x0000000000000000 0xffffffffffffffff

Linker script and memory map

Address of section .text set to 0x3000
LOAD start.o
LOAD arch.o
LOAD page.o
LOAD init.o
LOAD except.o
LOAD exint.o
LOAD intr.o
LOAD vga.o
LOAD print.o
LOAD tool.o
                0x0000000080020000                .=0x80020000

.interp
 *(.interp)

.gnu.version
 *(.gnu.version)

.gnu.version_d
 *(.gnu.version_d)

.gnu.version_r
 *(.gnu.version_r)

.rel.init
 *(.rel.init)

.rela.init
 *(.rela.init)

.rel.text
 *(.rel.text)
 *(.rel.text.*)
 *(.rel.gnu.linkonce.t*)

.rela.text
 *(.rela.text)
 *(.rela.text.*)
 *(.rela.gnu.linkonce.t*)

.rel.fini
 *(.rel.fini)

.rela.fini
 *(.rela.fini)

.rel.rodata
 *(.rel.rodata)
 *(.rel.rodata.*)
 *(.rel.gnu.linkonce.r*)

.rela.rodata
 *(.rela.rodata)
 *(.rela.rodata.*)
 *(.rela.gnu.linkonce.r*)

.rel.data
 *(.rel.data)
 *(.rel.data.*)
 *(.rel.gnu.linkonce.d*)

.rela.data
 *(.rela.data)
 *(.rela.data.*)
 *(.rela.gnu.linkonce.d*)

.rel.ctors
 *(.rel.ctors)

.rela.ctors
 *(.rela.ctors)

.rel.dtors
 *(.rel.dtors)

.rela.dtors
 *(.rela.dtors)

.rel.got
 *(.rel.got)

.rela.got
 *(.rela.got)

.rel.sdata
 *(.rel.sdata)
 *(.rel.sdata1)
 *(.rel.sdata.*)
 *(.rel.gnu.linkonce.s*)

.rela.sdata
 *(.rela.sdata)
 *(.rela.sdata1)
 *(.rela.sdata.*)
 *(.rela.gnu.linkonce.s*)

.rel.sbss
 *(.rel.sbss)

.rela.sbss
 *(.rela.sbss)

.rel.sdata2
 *(.rel.sdata2)

.rela.sdata2
 *(.rela.sdata2)

.rel.sbss2
 *(.rel.sbss2)

.rela.sbss2
 *(.rela.sbss2)

.rel.bss
 *(.rel.bss)

.rela.bss
 *(.rela.bss)

.rel.plt
 *(.rel.plt)

.rela.plt
 *(.rela.plt)

.plt
 *(.plt)

.text           0x0000000000003000     0x1a44
                0x0000000000003000                _ftext=.
 *(.text)
 .text          0x0000000000003000       0x1c start.o
                0x0000000000003000                start
 .text          0x000000000000301c       0x48 arch.o
                0x0000000000003040                get_sd_size
                0x000000000000301c                get_phymm_size
 .text          0x0000000000003064      0x4f4 page.o
                0x0000000000003064                init_pgtable
                0x00000000000032d0                disable_paging
                0x0000000000003290                enable_paging
                0x0000000000003438                set_pt_entry
                0x0000000000003318                set_pgd_entry
 .text          0x0000000000003558       0x6c init.o
                0x0000000000003578                init_kernel
                0x0000000000003558                machine_info
 .text          0x00000000000035c4      0x508 except.o
                0x00000000000035c4                do_ri
                0x0000000000003a3c                do_exception
 .text          0x0000000000003acc        0x4 exint.o
                0x0000000000003ad0                _end_ex
                0x0000000000003acc                _exint_handler
 .text          0x0000000000003ad0       0xe4 intr.o
                0x0000000000003b54                disable_global
                0x0000000000003b34                enable_global
                0x0000000000003b94                disable_intr
                0x0000000000003b74                enable_intr
                0x0000000000003ad0                init_exint
 .text          0x0000000000003bb4      0x6f8 vga.o
                0x0000000000003bb4                init_vga
                0x0000000000003cc8                clean_screen
                0x0000000000003db0                set_cursor
                0x0000000000003e28                scroll_screen
                0x0000000000003f84                put_char_ex
                0x000000000000407c                put_char
 .text          0x00000000000042ac      0x4d8 print.o
                0x0000000000004540                print_char
                0x0000000000004594                print_str
                0x000000000000462c                print_binary
                0x00000000000042ac                printk
                0x00000000000046d8                print_hex
 .text          0x0000000000004784      0x2c0 tool.o
                0x0000000000004784                memcpy
                0x0000000000004954                multiply
                0x0000000000004908                mkshort
                0x00000000000048c0                mkint
                0x0000000000004834                memset
                0x00000000000049c8                division
 *(.text.*)
 *(.stub)
 *(.gnu.warning)
 *(.gnu.linkonce.t*)
 *(.mips16.fn.*)
 *(.mips16.call.*)
                0x0000000000004a44                _ecode=.

.init
 *(.init)

.fini
 *(.fini)

.rodata         0x0000000000004a48      0x1c8
 *(.rodata)
 .rodata        0x0000000000004a48       0x55 vga.o
 *fill*         0x0000000000004a9d 0x5500000003
 .rodata        0x0000000000004aa0      0x170 print.o
 *(.rodata.*)
 *(.gnu.linkonce.r*)

.rodata1
 *(.rodata1)

.sdata2
 *(.sdata2)

.sbss2
 *(.sbss2)

.sdeinit
 *(.sdeinit)

.sdefini
 *(.sdefini)

.eh_frame
 *(.eh_frame)

.gcc_except_table
 *(.gcc_except_table)

.ctors
 *crt0.o(.ctors)
 *crtbegin.o(.ctors)
 *crtbeginS.o(.ctors)
 EXCLUDE_FILE ( *crtn.o, *crtendS.o, *crtend.o)*(.ctors)
 *(SORT(.ctors.*))
 *(.ctors)

.dtors
 *crt0.o(.dtors)
 *crtbegin.o(.dtors)
 *crtbeginS.o(.dtors)
 EXCLUDE_FILE ( *crtn.o, *crtendS.o, *crtend.o)*(.dtors)
 *(SORT(.dtors.*))
 *(.dtors)

.dynamic
 *(.dynamic)

.dynsym
 *(.dynsym)

.hash
 *(.hash)

.dynstr
 *(.dynstr)
                0x0000000000004c10                __etext=.
                0x0000000000004c10                _etext=.
                0x0000000000004c10                PROVIDE (etext, .)
                0x0000000000004c10                .=ALIGN(0x8)

.data           0x0000000000004c10        0x0
                0x0000000000004c10                _fdata=.
 *(.data)
 *(.data.*)
 *(.gnu.linkonce.d*)

.data1
 *(.data1)
                0x000000000000cc00                _gp=(ALIGN(0x10)+0x7ff0)

.got
 *(.got.plt)
 *(.got)

.sdata          0x0000000000004c10        0x4
 *(.sdata)
 .sdata         0x0000000000004c10        0x4 print.o
 *(.sdata1)
 *(.sdata.*)
 *(.gnu.linkonce.s.*)

.lit8
 *(.lit8)

.lit4
 *(.lit4)
                0x0000000000004c18                .=ALIGN(0x8)
                0x0000000000004c14                _edata=.
                0x0000000000004c14                PROVIDE (edata, .)
                0x0000000000004c14                __bss_start=.
                0x0000000000004c14                PROVIDE (__edata, .)
                0x0000000000004c14                _fbss=.

.sbss           0x0000000000004c18       0x20
                0x0000000000004c18                __sbss_start=.
                0x0000000000004c18                ___sbss_start=.
 *(.dynsbss)
 *(.sbss)
 .sbss          0x0000000000004c18       0x10 vga.o
 *(.sbss.*)
 *(.scommon)
 .scommon       0x0000000000004c28        0x4 page.o
                                          0x0 (size before relaxing)
                0x0000000000004c28                pgd
 .scommon       0x0000000000004c2c        0xc vga.o
                                          0x0 (size before relaxing)
                0x0000000000004c2c                cursor_col
                0x0000000000004c30                vga_buffer
                0x0000000000004c34                cursor_row
                0x0000000000004c38                __sbss_end=.
                0x0000000000004c38                ___sbss_end=.

.bss            0x0000000000004c38        0x0
 *(.dynbss)
 *(.bss)
 *(.bss.*)
 *(COMMON)
                0x0000000000004c38                .=ALIGN(0x4)
                0x0000000000004c38                .=ALIGN(0x4)
                0x0000000000004c38                _end=.
                0x0000000000004c38                PROVIDE (__end, .)
                0x0000000000004c38                PROVIDE (end, .)

.stab
 *(.stab)

.stabstr
 *(.stabstr)

.stab.excl
 *(.stab.excl)

.stab.exclstr
 *(.stab.exclstr)

.stab.index
 *(.stab.index)

.stab.indexstr
 *(.stab.indexstr)

.comment        0x0000000000000000      0x100
 *(.comment)
 .comment       0x0000000000000000       0x20 arch.o
 .comment       0x0000000000000020       0x20 page.o
 .comment       0x0000000000000040       0x20 init.o
 .comment       0x0000000000000060       0x20 except.o
 .comment       0x0000000000000080       0x20 intr.o
 .comment       0x00000000000000a0       0x20 vga.o
 .comment       0x00000000000000c0       0x20 print.o
 .comment       0x00000000000000e0       0x20 tool.o

.debug
 *(.debug)

.line
 *(.line)

.debug_srcinfo
 *(.debug_srcinfo)

.debug_sfnames
 *(.debug_sfnames)

.debug_aranges
 *(.debug_aranges)

.debug_pubnames
 *(.debug_pubnames)

.debug_info
 *(.debug_info)

.debug_abbrev
 *(.debug_abbrev)

.debug_line
 *(.debug_line)

.debug_frame
 *(.debug_frame)

.debug_str
 *(.debug_str)

.debug_loc
 *(.debug_loc)

.debug_macinfo
 *(.debug_macinfo)

.debug_weaknames
 *(.debug_weaknames)

.debug_funcnames
 *(.debug_funcnames)

.debug_typenames
 *(.debug_typenames)

.debug_varnames
 *(.debug_varnames)

/DISCARD/
 *(.reginfo)

.gptab.sdata
 *(.gptab.data)
 *(.gptab.sdata)

.gptab.sbss
 *(.gptab.bss)
 *(.gptab.sbss)

.pdr            0x0000000000000000      0x420
 *(.pdr)
 .pdr           0x0000000000000000       0x40 arch.o
 .pdr           0x0000000000000040       0xa0 page.o
 .pdr           0x00000000000000e0       0x40 init.o
 .pdr           0x0000000000000120       0x40 except.o
 .pdr           0x0000000000000160       0xa0 intr.o
 .pdr           0x0000000000000200       0xc0 vga.o
 .pdr           0x00000000000002c0       0xa0 print.o
 .pdr           0x0000000000000360       0xc0 tool.o
OUTPUT(kernel.elf elf32-littlemips)
