
Allocating common symbols
Common symbol       size              file

pgd                 0x4               page.o
scancode_work       0xc               key.o
kernel_start_pfn    0x4               buddy.o
keyb_buffer         0x420             key.o
vga                 0x28              vga.o
boot_mm             0x90              bootmm.o
info_work           0xc               time.o
f0                  0x4               key.o
interrupt           0x174             intr.o
io_key_data         0x4               key.o
kernel_end_pfn      0x4               buddy.o
buddy               0x54              buddy.o
pages               0x4               buddy.o
kmalloc_caches      0x270             slub.o

Memory Configuration

Name             Origin             Length             Attributes
*default*        0x0000000000000000 0xffffffffffffffff

Linker script and memory map

Address of section .text set to 0x3000
LOAD start.o
LOAD arch.o
LOAD page.o
LOAD init.o
LOAD except.o
LOAD exint.o
LOAD intr.o
LOAD vga.o
LOAD time.o
LOAD key.o
LOAD bootmm.o
LOAD buddy.o
LOAD slub.o
LOAD lock.o
LOAD print.o
LOAD tool.o
                0x0000000080020000                .=0x80020000

.interp
 *(.interp)

.gnu.version
 *(.gnu.version)

.gnu.version_d
 *(.gnu.version_d)

.gnu.version_r
 *(.gnu.version_r)

.rel.init
 *(.rel.init)

.rela.init
 *(.rela.init)

.rel.text
 *(.rel.text)
 *(.rel.text.*)
 *(.rel.gnu.linkonce.t*)

.rela.text
 *(.rela.text)
 *(.rela.text.*)
 *(.rela.gnu.linkonce.t*)

.rel.fini
 *(.rel.fini)

.rela.fini
 *(.rela.fini)

.rel.rodata
 *(.rel.rodata)
 *(.rel.rodata.*)
 *(.rel.gnu.linkonce.r*)

.rela.rodata
 *(.rela.rodata)
 *(.rela.rodata.*)
 *(.rela.gnu.linkonce.r*)

.rel.data
 *(.rel.data)
 *(.rel.data.*)
 *(.rel.gnu.linkonce.d*)

.rela.data
 *(.rela.data)
 *(.rela.data.*)
 *(.rela.gnu.linkonce.d*)

.rel.ctors
 *(.rel.ctors)

.rela.ctors
 *(.rela.ctors)

.rel.dtors
 *(.rel.dtors)

.rela.dtors
 *(.rela.dtors)

.rel.got
 *(.rel.got)

.rela.got
 *(.rela.got)

.rel.sdata
 *(.rel.sdata)
 *(.rel.sdata1)
 *(.rel.sdata.*)
 *(.rel.gnu.linkonce.s*)

.rela.sdata
 *(.rela.sdata)
 *(.rela.sdata1)
 *(.rela.sdata.*)
 *(.rela.gnu.linkonce.s*)

.rel.sbss
 *(.rel.sbss)

.rela.sbss
 *(.rela.sbss)

.rel.sdata2
 *(.rel.sdata2)

.rela.sdata2
 *(.rela.sdata2)

.rel.sbss2
 *(.rel.sbss2)

.rela.sbss2
 *(.rela.sbss2)

.rel.bss
 *(.rel.bss)

.rela.bss
 *(.rela.bss)

.rel.plt
 *(.rel.plt)

.rela.plt
 *(.rela.plt)

.plt
 *(.plt)

.text           0x0000000000003000     0x615c
                0x0000000000003000                _ftext=.
 *(.text)
 .text          0x0000000000003000       0x1c start.o
                0x0000000000003000                start
 .text          0x000000000000301c       0x84 arch.o
                0x0000000000003064                get_cpu_hz
                0x0000000000003040                get_sd_size
                0x0000000000003088                die
                0x000000000000301c                get_phymm_size
 .text          0x00000000000030a0      0x4f4 page.o
                0x00000000000030a0                init_pgtable
                0x000000000000330c                disable_paging
                0x00000000000032cc                enable_paging
                0x0000000000003474                set_pt_entry
                0x0000000000003354                set_pgd_entry
 .text          0x0000000000003594      0x130 init.o
                0x0000000000003620                init_kernel
                0x0000000000003594                machine_info
 .text          0x00000000000036c4      0x514 except.o
                0x00000000000036c4                do_ri
                0x0000000000003b3c                do_exception
 .text          0x0000000000003bd8      0x150 exint.o
                0x0000000000003d24                _end_ex
                0x0000000000003bd8                _exint_handler
 .text          0x0000000000003d28      0x844 intr.o
                0x000000000000407c                set_timer
                0x00000000000040bc                get_ier
                0x000000000000411c                get_icr
                0x0000000000004190                register_handler
                0x000000000000404c                get_timer
                0x0000000000004248                unregister_handler
                0x0000000000003ff0                disable_intr
                0x0000000000003f9c                enable_intr
                0x00000000000043a8                unregister_work
                0x00000000000042ec                register_work
                0x0000000000003d28                init_exint
                0x00000000000040ec                set_ier
                0x0000000000003e2c                do_interrupt
                0x000000000000414c                clean_icr
 .text          0x000000000000456c      0x954 vga.o
                0x000000000000456c                init_vga
                0x0000000000004714                clean_screen
                0x0000000000004810                set_cursor
                0x00000000000048b4                scroll_screen
                0x0000000000004a40                put_char_ex
                0x0000000000004b7c                put_char
 .text          0x0000000000004ec0      0x75c time.o
                0x0000000000004ec0                timer_handler
                0x0000000000005334                init_systime
                0x000000000000539c                init_time
                0x00000000000054a8                flush_systime
 .text          0x000000000000561c      0x51c key.o
                0x000000000000561c                keyb_handler
                0x000000000000581c                get_scancode
                0x0000000000005a00                get_ch
                0x00000000000056f8                init_keyboard
 .text          0x0000000000005b38     0x105c bootmm.o
                0x0000000000005ee0                insert_mminfo
                0x0000000000006a98                bootmap_info
                0x0000000000005cc8                split_mminfo
                0x0000000000005b98                remove_mminfo
                0x0000000000006118                init_bootmm
                0x00000000000063d0                find_pages
                0x0000000000006334                set_maps
                0x0000000000005b38                set_mminfo
                0x0000000000006724                bootmm_free_pages
                0x00000000000065b8                bootmm_alloc_pages
 .text          0x0000000000006b94      0xd54 buddy.o
                0x0000000000007720                free_pages
                0x000000000000715c                _free_pages
                0x0000000000006e18                init_buddy
                0x00000000000073f8                _alloc_pages
                0x0000000000006bcc                init_pages
                0x0000000000006b94                set_private
                0x0000000000006d24                buddy_info
                0x0000000000007670                alloc_pages
                0x0000000000007118                is_buddy
 .text          0x00000000000078e8      0xe28 slub.o
                0x00000000000078e8                get_slub
                0x0000000000007a48                init_each_slub
                0x000000000000849c                kfree
                0x00000000000079f8                init_kmem_node
                0x0000000000007e6c                slub_alloc
                0x00000000000081d4                slub_free
                0x0000000000007b24                init_slub
                0x00000000000079bc                init_kmem_cpu
                0x00000000000083b4                kmalloc
                0x0000000000007cac                format_slubpage
 .text          0x0000000000008710      0x178 lock.o
                0x0000000000008760                lockup
                0x00000000000087d8                unlock
                0x0000000000008710                init_lock
 .text          0x0000000000008888      0x4d8 print.o
                0x0000000000008b1c                print_char
                0x0000000000008b70                print_str
                0x0000000000008c08                print_binary
                0x0000000000008888                printk
                0x0000000000008cb4                print_hex
 .text          0x0000000000008d60      0x3fc tool.o
                0x0000000000008d60                memcpy
                0x0000000000008f30                multiply
                0x0000000000008ee4                mkshort
                0x0000000000008e9c                mkint
                0x0000000000008e10                memset
                0x0000000000009020                highest_set
                0x0000000000009090                lowest_set
                0x0000000000008fa4                division
                0x0000000000009100                is_bound
 *(.text.*)
 *(.stub)
 *(.gnu.warning)
 *(.gnu.linkonce.t*)
 *(.mips16.fn.*)
 *(.mips16.call.*)
                0x000000000000915c                _ecode=.

.init
 *(.init)

.fini
 *(.fini)

.rodata         0x0000000000009160      0x590
 *(.rodata)
 .rodata        0x0000000000009160       0x64 init.o
 .rodata        0x00000000000091c4        0x2 except.o
 *fill*         0x00000000000091c6 0x200000002
 .rodata        0x00000000000091c8       0xe7 intr.o
 *fill*         0x00000000000092af 0xe700000001
 .rodata        0x00000000000092b0       0x55 vga.o
 *fill*         0x0000000000009305 0x5500000003
 .rodata        0x0000000000009308       0x82 time.o
 *fill*         0x000000000000938a 0x8200000002
 .rodata        0x000000000000938c       0x3b key.o
 *fill*         0x00000000000093c7 0x3b00000001
 .rodata        0x00000000000093c8       0xa1 bootmm.o
 *fill*         0x0000000000009469 0xa100000003
 .rodata        0x000000000000946c       0x91 buddy.o
 *fill*         0x00000000000094fd 0x9100000003
 .rodata        0x0000000000009500       0x7c slub.o
 *fill*         0x000000000000957c 0x7c00000004
 .rodata        0x0000000000009580      0x170 print.o
 *(.rodata.*)
 *(.gnu.linkonce.r*)

.rodata1
 *(.rodata1)

.sdata2
 *(.sdata2)

.sbss2
 *(.sbss2)

.sdeinit
 *(.sdeinit)

.sdefini
 *(.sdefini)

.eh_frame
 *(.eh_frame)

.gcc_except_table
 *(.gcc_except_table)

.ctors
 *crt0.o(.ctors)
 *crtbegin.o(.ctors)
 *crtbeginS.o(.ctors)
 EXCLUDE_FILE ( *crtn.o, *crtendS.o, *crtend.o)*(.ctors)
 *(SORT(.ctors.*))
 *(.ctors)

.dtors
 *crt0.o(.dtors)
 *crtbegin.o(.dtors)
 *crtbeginS.o(.dtors)
 EXCLUDE_FILE ( *crtn.o, *crtendS.o, *crtend.o)*(.dtors)
 *(SORT(.dtors.*))
 *(.dtors)

.dynamic
 *(.dynamic)

.dynsym
 *(.dynsym)

.hash
 *(.hash)

.dynstr
 *(.dynstr)
                0x00000000000096f0                __etext=.
                0x00000000000096f0                _etext=.
                0x00000000000096f0                PROVIDE (etext, .)
                0x00000000000096f0                .=ALIGN(0x8)

.data           0x00000000000096f0       0xe8
                0x00000000000096f0                _fdata=.
 *(.data)
 .data          0x00000000000096f0       0x70 key.o
                0x00000000000096f0                keymap
 .data          0x0000000000009760       0x18 bootmm.o
                0x0000000000009760                mem_msg
 .data          0x0000000000009778       0x60 slub.o
 *(.data.*)
 *(.gnu.linkonce.d*)

.data1
 *(.data1)
                0x00000000000117d0                _gp=(ALIGN(0x10)+0x7ff0)

.got
 *(.got.plt)
 *(.got)

.sdata          0x00000000000097d8        0x4
 *(.sdata)
 .sdata         0x00000000000097d8        0x4 print.o
                0x00000000000097d8                imap
 *(.sdata1)
 *(.sdata.*)
 *(.gnu.linkonce.s.*)

.lit8
 *(.lit8)

.lit4
 *(.lit4)
                0x00000000000097e0                .=ALIGN(0x8)
                0x00000000000097dc                _edata=.
                0x00000000000097dc                PROVIDE (edata, .)
                0x00000000000097dc                __bss_start=.
                0x00000000000097dc                PROVIDE (__edata, .)
                0x00000000000097dc                _fbss=.

.sbss           0x00000000000097e0       0x40
                0x00000000000097e0                __sbss_start=.
                0x00000000000097e0                ___sbss_start=.
 *(.dynsbss)
 *(.sbss)
 .sbss          0x00000000000097e0       0x24 time.o
 .sbss          0x0000000000009804        0x4 key.o
 *(.sbss.*)
 *(.scommon)
 .scommon       0x0000000000009808        0x4 page.o
                                          0x0 (size before relaxing)
                0x0000000000009808                pgd
 .scommon       0x000000000000980c        0x8 key.o
                                          0x0 (size before relaxing)
                0x000000000000980c                f0
                0x0000000000009810                io_key_data
 .scommon       0x0000000000009814        0xc buddy.o
                                          0x0 (size before relaxing)
                0x0000000000009814                kernel_start_pfn
                0x0000000000009818                kernel_end_pfn
                0x000000000000981c                pages
                0x0000000000009820                __sbss_end=.
                0x0000000000009820                ___sbss_end=.

.bss            0x0000000000009820      0x928
 *(.dynbss)
 *(.bss)
 *(.bss.*)
 *(COMMON)
 COMMON         0x0000000000009820      0x174 intr.o
                                          0x0 (size before relaxing)
                0x0000000000009820                interrupt
 COMMON         0x0000000000009994       0x28 vga.o
                                          0x0 (size before relaxing)
                0x0000000000009994                vga
 COMMON         0x00000000000099bc        0xc time.o
                                          0x0 (size before relaxing)
                0x00000000000099bc                info_work
 COMMON         0x00000000000099c8      0x42c key.o
                                          0x0 (size before relaxing)
                0x00000000000099c8                scancode_work
                0x00000000000099d4                keyb_buffer
 COMMON         0x0000000000009df4       0x90 bootmm.o
                                          0x0 (size before relaxing)
                0x0000000000009df4                boot_mm
 COMMON         0x0000000000009e84       0x54 buddy.o
                                          0x0 (size before relaxing)
                0x0000000000009e84                buddy
 COMMON         0x0000000000009ed8      0x270 slub.o
                                          0x0 (size before relaxing)
                0x0000000000009ed8                kmalloc_caches
                0x000000000000a148                .=ALIGN(0x4)
                0x000000000000a148                .=ALIGN(0x4)
                0x000000000000a148                _end=.
                0x000000000000a148                PROVIDE (__end, .)
                0x000000000000a148                PROVIDE (end, .)

.stab
 *(.stab)

.stabstr
 *(.stabstr)

.stab.excl
 *(.stab.excl)

.stab.exclstr
 *(.stab.exclstr)

.stab.index
 *(.stab.index)

.stab.indexstr
 *(.stab.indexstr)

.comment        0x0000000000000000      0x1c0
 *(.comment)
 .comment       0x0000000000000000       0x20 arch.o
 .comment       0x0000000000000020       0x20 page.o
 .comment       0x0000000000000040       0x20 init.o
 .comment       0x0000000000000060       0x20 except.o
 .comment       0x0000000000000080       0x20 intr.o
 .comment       0x00000000000000a0       0x20 vga.o
 .comment       0x00000000000000c0       0x20 time.o
 .comment       0x00000000000000e0       0x20 key.o
 .comment       0x0000000000000100       0x20 bootmm.o
 .comment       0x0000000000000120       0x20 buddy.o
 .comment       0x0000000000000140       0x20 slub.o
 .comment       0x0000000000000160       0x20 lock.o
 .comment       0x0000000000000180       0x20 print.o
 .comment       0x00000000000001a0       0x20 tool.o

.debug
 *(.debug)

.line
 *(.line)

.debug_srcinfo
 *(.debug_srcinfo)

.debug_sfnames
 *(.debug_sfnames)

.debug_aranges
 *(.debug_aranges)

.debug_pubnames
 *(.debug_pubnames)

.debug_info
 *(.debug_info)

.debug_abbrev
 *(.debug_abbrev)

.debug_line
 *(.debug_line)

.debug_frame
 *(.debug_frame)

.debug_str
 *(.debug_str)

.debug_loc
 *(.debug_loc)

.debug_macinfo
 *(.debug_macinfo)

.debug_weaknames
 *(.debug_weaknames)

.debug_funcnames
 *(.debug_funcnames)

.debug_typenames
 *(.debug_typenames)

.debug_varnames
 *(.debug_varnames)

/DISCARD/
 *(.reginfo)

.gptab.sdata
 *(.gptab.data)
 *(.gptab.sdata)

.gptab.sbss
 *(.gptab.bss)
 *(.gptab.sbss)

.pdr            0x0000000000000000      0xe40
 *(.pdr)
 .pdr           0x0000000000000000       0x80 arch.o
 .pdr           0x0000000000000080       0xa0 page.o
 .pdr           0x0000000000000120       0x40 init.o
 .pdr           0x0000000000000160       0x40 except.o
 .pdr           0x00000000000001a0      0x280 intr.o
 .pdr           0x0000000000000420       0xc0 vga.o
 .pdr           0x00000000000004e0      0x120 time.o
 .pdr           0x0000000000000600       0xc0 key.o
 .pdr           0x00000000000006c0      0x140 bootmm.o
 .pdr           0x0000000000000800      0x1e0 buddy.o
 .pdr           0x00000000000009e0      0x220 slub.o
 .pdr           0x0000000000000c00       0x80 lock.o
 .pdr           0x0000000000000c80       0xa0 print.o
 .pdr           0x0000000000000d20      0x120 tool.o
OUTPUT(kernel.elf elf32-littlemips)
