
Allocating common symbols
Common symbol       size              file

pgd                 0x4               page.o
scancode_work       0xc               key.o
key_buffer          0x400             key.o
cursor_col          0x4               vga.o
vga_buffer          0x4               vga.o
cursor_row          0x4               vga.o
info_work           0xc               time.o
interrupt           0x174             intr.o
io_key_data         0x4               key.o

Memory Configuration

Name             Origin             Length             Attributes
*default*        0x0000000000000000 0xffffffffffffffff

Linker script and memory map

Address of section .text set to 0x3000
LOAD start.o
LOAD arch.o
LOAD page.o
LOAD init.o
LOAD except.o
LOAD exint.o
LOAD intr.o
LOAD vga.o
LOAD time.o
LOAD key.o
LOAD print.o
LOAD tool.o
                0x0000000080020000                .=0x80020000

.interp
 *(.interp)

.gnu.version
 *(.gnu.version)

.gnu.version_d
 *(.gnu.version_d)

.gnu.version_r
 *(.gnu.version_r)

.rel.init
 *(.rel.init)

.rela.init
 *(.rela.init)

.rel.text
 *(.rel.text)
 *(.rel.text.*)
 *(.rel.gnu.linkonce.t*)

.rela.text
 *(.rela.text)
 *(.rela.text.*)
 *(.rela.gnu.linkonce.t*)

.rel.fini
 *(.rel.fini)

.rela.fini
 *(.rela.fini)

.rel.rodata
 *(.rel.rodata)
 *(.rel.rodata.*)
 *(.rel.gnu.linkonce.r*)

.rela.rodata
 *(.rela.rodata)
 *(.rela.rodata.*)
 *(.rela.gnu.linkonce.r*)

.rel.data
 *(.rel.data)
 *(.rel.data.*)
 *(.rel.gnu.linkonce.d*)

.rela.data
 *(.rela.data)
 *(.rela.data.*)
 *(.rela.gnu.linkonce.d*)

.rel.ctors
 *(.rel.ctors)

.rela.ctors
 *(.rela.ctors)

.rel.dtors
 *(.rel.dtors)

.rela.dtors
 *(.rela.dtors)

.rel.got
 *(.rel.got)

.rela.got
 *(.rela.got)

.rel.sdata
 *(.rel.sdata)
 *(.rel.sdata1)
 *(.rel.sdata.*)
 *(.rel.gnu.linkonce.s*)

.rela.sdata
 *(.rela.sdata)
 *(.rela.sdata1)
 *(.rela.sdata.*)
 *(.rela.gnu.linkonce.s*)

.rel.sbss
 *(.rel.sbss)

.rela.sbss
 *(.rela.sbss)

.rel.sdata2
 *(.rel.sdata2)

.rela.sdata2
 *(.rela.sdata2)

.rel.sbss2
 *(.rel.sbss2)

.rela.sbss2
 *(.rela.sbss2)

.rel.bss
 *(.rel.bss)

.rela.bss
 *(.rela.bss)

.rel.plt
 *(.rel.plt)

.rela.plt
 *(.rela.plt)

.plt
 *(.plt)

.text           0x0000000000003000     0x2dd0
                0x0000000000003000                _ftext=.
 *(.text)
 .text          0x0000000000003000       0x1c start.o
                0x0000000000003000                start
 .text          0x000000000000301c       0x6c arch.o
                0x0000000000003064                get_cpu_hz
                0x0000000000003040                get_sd_size
                0x000000000000301c                get_phymm_size
 .text          0x0000000000003088      0x4f4 page.o
                0x0000000000003088                init_pgtable
                0x00000000000032f4                disable_paging
                0x00000000000032b4                enable_paging
                0x000000000000345c                set_pt_entry
                0x000000000000333c                set_pgd_entry
 .text          0x000000000000357c       0xf4 init.o
                0x0000000000003608                init_kernel
                0x000000000000357c                machine_info
 .text          0x0000000000003670      0x508 except.o
                0x0000000000003670                do_ri
                0x0000000000003ae8                do_exception
 .text          0x0000000000003b78      0x150 exint.o
                0x0000000000003cc4                _end_ex
                0x0000000000003b78                _exint_handler
 .text          0x0000000000003cc8      0x83c intr.o
                0x0000000000004014                set_timer
                0x0000000000004054                get_ier
                0x00000000000040b4                get_icr
                0x0000000000004128                register_handler
                0x0000000000003fe4                get_timer
                0x00000000000041e0                unregister_handler
                0x0000000000003f8c                disable_intr
                0x0000000000003f3c                enable_intr
                0x0000000000004340                unregister_work
                0x0000000000004284                register_work
                0x0000000000003cc8                init_exint
                0x0000000000004084                set_ier
                0x0000000000003dcc                do_interrupt
                0x00000000000040e4                clean_icr
 .text          0x0000000000004504      0x6f8 vga.o
                0x0000000000004504                init_vga
                0x0000000000004618                clean_screen
                0x0000000000004700                set_cursor
                0x0000000000004778                scroll_screen
                0x00000000000048d4                put_char_ex
                0x00000000000049cc                put_char
 .text          0x0000000000004bfc      0x75c time.o
                0x0000000000004bfc                timer_handler
                0x0000000000005070                init_systime
                0x00000000000050d8                init_time
                0x00000000000051e4                flush_systime
 .text          0x0000000000005358      0x200 key.o
                0x0000000000005358                keyb_handler
                0x00000000000054e0                get_scancode
                0x0000000000005434                init_keyboard
 .text          0x0000000000005558      0x4d8 print.o
                0x00000000000057ec                print_char
                0x0000000000005840                print_str
                0x00000000000058d8                print_binary
                0x0000000000005558                printk
                0x0000000000005984                print_hex
 .text          0x0000000000005a30      0x3a0 tool.o
                0x0000000000005a30                memcpy
                0x0000000000005c00                multiply
                0x0000000000005bb4                mkshort
                0x0000000000005b6c                mkint
                0x0000000000005ae0                memset
                0x0000000000005cf0                highest_set
                0x0000000000005d60                lowest_set
                0x0000000000005c74                division
 *(.text.*)
 *(.stub)
 *(.gnu.warning)
 *(.gnu.linkonce.t*)
 *(.mips16.fn.*)
 *(.mips16.call.*)
                0x0000000000005dd0                _ecode=.

.init
 *(.init)

.fini
 *(.fini)

.rodata         0x0000000000005dd0      0x390
 *(.rodata)
 .rodata        0x0000000000005dd0       0x58 init.o
 .rodata        0x0000000000005e28       0xe7 intr.o
 *fill*         0x0000000000005f0f 0xe700000001
 .rodata        0x0000000000005f10       0x55 vga.o
 *fill*         0x0000000000005f65 0x5500000003
 .rodata        0x0000000000005f68       0x82 time.o
 *fill*         0x0000000000005fea 0x8200000002
 .rodata        0x0000000000005fec        0x2 key.o
 *fill*         0x0000000000005fee 0x200000002
 .rodata        0x0000000000005ff0      0x170 print.o
 *(.rodata.*)
 *(.gnu.linkonce.r*)

.rodata1
 *(.rodata1)

.sdata2
 *(.sdata2)

.sbss2
 *(.sbss2)

.sdeinit
 *(.sdeinit)

.sdefini
 *(.sdefini)

.eh_frame
 *(.eh_frame)

.gcc_except_table
 *(.gcc_except_table)

.ctors
 *crt0.o(.ctors)
 *crtbegin.o(.ctors)
 *crtbeginS.o(.ctors)
 EXCLUDE_FILE ( *crtn.o, *crtendS.o, *crtend.o)*(.ctors)
 *(SORT(.ctors.*))
 *(.ctors)

.dtors
 *crt0.o(.dtors)
 *crtbegin.o(.dtors)
 *crtbeginS.o(.dtors)
 EXCLUDE_FILE ( *crtn.o, *crtendS.o, *crtend.o)*(.dtors)
 *(SORT(.dtors.*))
 *(.dtors)

.dynamic
 *(.dynamic)

.dynsym
 *(.dynsym)

.hash
 *(.hash)

.dynstr
 *(.dynstr)
                0x0000000000006160                __etext=.
                0x0000000000006160                _etext=.
                0x0000000000006160                PROVIDE (etext, .)
                0x0000000000006160                .=ALIGN(0x8)

.data           0x0000000000006160        0x0
                0x0000000000006160                _fdata=.
 *(.data)
 *(.data.*)
 *(.gnu.linkonce.d*)

.data1
 *(.data1)
                0x000000000000e150                _gp=(ALIGN(0x10)+0x7ff0)

.got
 *(.got.plt)
 *(.got)

.sdata          0x0000000000006160        0x4
 *(.sdata)
 .sdata         0x0000000000006160        0x4 print.o
                0x0000000000006160                imap
 *(.sdata1)
 *(.sdata.*)
 *(.gnu.linkonce.s.*)

.lit8
 *(.lit8)

.lit4
 *(.lit4)
                0x0000000000006168                .=ALIGN(0x8)
                0x0000000000006164                _edata=.
                0x0000000000006164                PROVIDE (edata, .)
                0x0000000000006164                __bss_start=.
                0x0000000000006164                PROVIDE (__edata, .)
                0x0000000000006164                _fbss=.

.sbss           0x0000000000006168       0x4c
                0x0000000000006168                __sbss_start=.
                0x0000000000006168                ___sbss_start=.
 *(.dynsbss)
 *(.sbss)
 .sbss          0x0000000000006168       0x10 vga.o
 .sbss          0x0000000000006178       0x24 time.o
 .sbss          0x000000000000619c        0x4 key.o
 *(.sbss.*)
 *(.scommon)
 .scommon       0x00000000000061a0        0x4 page.o
                                          0x0 (size before relaxing)
                0x00000000000061a0                pgd
 .scommon       0x00000000000061a4        0xc vga.o
                                          0x0 (size before relaxing)
                0x00000000000061a4                cursor_col
                0x00000000000061a8                vga_buffer
                0x00000000000061ac                cursor_row
 .scommon       0x00000000000061b0        0x4 key.o
                                          0x0 (size before relaxing)
                0x00000000000061b0                io_key_data
                0x00000000000061b4                __sbss_end=.
                0x00000000000061b4                ___sbss_end=.

.bss            0x00000000000061b4      0x58c
 *(.dynbss)
 *(.bss)
 *(.bss.*)
 *(COMMON)
 COMMON         0x00000000000061b4      0x174 intr.o
                                          0x0 (size before relaxing)
                0x00000000000061b4                interrupt
 COMMON         0x0000000000006328        0xc time.o
                                          0x0 (size before relaxing)
                0x0000000000006328                info_work
 COMMON         0x0000000000006334      0x40c key.o
                                          0x0 (size before relaxing)
                0x0000000000006334                scancode_work
                0x0000000000006340                key_buffer
                0x0000000000006740                .=ALIGN(0x4)
                0x0000000000006740                .=ALIGN(0x4)
                0x0000000000006740                _end=.
                0x0000000000006740                PROVIDE (__end, .)
                0x0000000000006740                PROVIDE (end, .)

.stab
 *(.stab)

.stabstr
 *(.stabstr)

.stab.excl
 *(.stab.excl)

.stab.exclstr
 *(.stab.exclstr)

.stab.index
 *(.stab.index)

.stab.indexstr
 *(.stab.indexstr)

.comment        0x0000000000000000      0x140
 *(.comment)
 .comment       0x0000000000000000       0x20 arch.o
 .comment       0x0000000000000020       0x20 page.o
 .comment       0x0000000000000040       0x20 init.o
 .comment       0x0000000000000060       0x20 except.o
 .comment       0x0000000000000080       0x20 intr.o
 .comment       0x00000000000000a0       0x20 vga.o
 .comment       0x00000000000000c0       0x20 time.o
 .comment       0x00000000000000e0       0x20 key.o
 .comment       0x0000000000000100       0x20 print.o
 .comment       0x0000000000000120       0x20 tool.o

.debug
 *(.debug)

.line
 *(.line)

.debug_srcinfo
 *(.debug_srcinfo)

.debug_sfnames
 *(.debug_sfnames)

.debug_aranges
 *(.debug_aranges)

.debug_pubnames
 *(.debug_pubnames)

.debug_info
 *(.debug_info)

.debug_abbrev
 *(.debug_abbrev)

.debug_line
 *(.debug_line)

.debug_frame
 *(.debug_frame)

.debug_str
 *(.debug_str)

.debug_loc
 *(.debug_loc)

.debug_macinfo
 *(.debug_macinfo)

.debug_weaknames
 *(.debug_weaknames)

.debug_funcnames
 *(.debug_funcnames)

.debug_typenames
 *(.debug_typenames)

.debug_varnames
 *(.debug_varnames)

/DISCARD/
 *(.reginfo)

.gptab.sdata
 *(.gptab.data)
 *(.gptab.sdata)

.gptab.sbss
 *(.gptab.bss)
 *(.gptab.sbss)

.pdr            0x0000000000000000      0x800
 *(.pdr)
 .pdr           0x0000000000000000       0x60 arch.o
 .pdr           0x0000000000000060       0xa0 page.o
 .pdr           0x0000000000000100       0x40 init.o
 .pdr           0x0000000000000140       0x40 except.o
 .pdr           0x0000000000000180      0x280 intr.o
 .pdr           0x0000000000000400       0xc0 vga.o
 .pdr           0x00000000000004c0      0x120 time.o
 .pdr           0x00000000000005e0       0x80 key.o
 .pdr           0x0000000000000660       0xa0 print.o
 .pdr           0x0000000000000700      0x100 tool.o
OUTPUT(kernel.elf elf32-littlemips)
